<html>
<body>
<pre>
<h1>µVision Build Log</h1>
<h2>Tool Versions:</h2>
IDE-Version: ÂµVision V5.36.0.0
Copyright (C) 2021 ARM Ltd and ARM Germany GmbH. All rights reserved.
License Information: Chenyan Feng, RWTH, LIC=----
 
Tool Versions:
Toolchain:       MDK-Lite  Version: 5.36.0.0
Toolchain Path:  D:\Keil_v5\ARM\ARMCC\Bin
C Compiler:      Armcc.exe V5.06 update 7 (build 960)
Assembler:       Armasm.exe V5.06 update 7 (build 960)
Linker/Locator:  ArmLink.exe V5.06 update 7 (build 960)
Library Manager: ArmAr.exe V5.06 update 7 (build 960)
Hex Converter:   FromElf.exe V5.06 update 7 (build 960)
CPU DLL:         SARMCM3.DLL V5.36.0.0
Dialog DLL:      DCM.DLL V1.17.3.0
Target DLL:      CMSIS_AGDI.dll V1.33.0.0
Dialog DLL:      TCM.DLL V1.53.0.0
 
<h2>Project:</h2>
D:\GitRep\STM32\STM32-Practice\011_ADC\Project\RVMDK(uv5)\BH_F103.uvprojx
Project File Date:  05/17/2026

<h2>Output:</h2>
*** Using Compiler 'V5.06 update 7 (build 960)', folder: 'D:\Keil_v5\ARM\ARMCC\Bin'
Build target 'Target 1'
compiling bsp_adc.c...
..\..\User\Inc\bsp_adc.h(28): warning:  #1-D: last line of file ends without a newline
  #endif
..\..\User\Src\bsp_adc.c(58): warning:  #1-D: last line of file ends without a newline
  }
..\..\User\Src\bsp_adc.c: 2 warnings, 0 errors
compiling stm32f10x_it.c...
..\..\User\Inc\bsp_adc.h(28): warning:  #1-D: last line of file ends without a newline
  #endif
..\..\User\stm32f10x_it.c: 1 warning, 0 errors
compiling main.c...
..\..\User\Inc\bsp_spi_flash.h(84): warning:  #1-D: last line of file ends without a newline
  										  
..\..\User\Inc\bsp_adc.h(28): warning:  #1-D: last line of file ends without a newline
  #endif
..\..\User\main.c: 2 warnings, 0 errors
linking...
Program Size: Code=6820 RO-data=336 RW-data=60 ZI-data=1028  
FromELF: creating hex file...
"..\..\Output\BUTTON_DETECTION.axf" - 0 Error(s), 5 Warning(s).

<h2>Software Packages used:</h2>

Package Vendor: Keil
                http://www.keil.com/pack/Keil.STM32F1xx_DFP.2.3.0.pack
                Keil.STM32F1xx_DFP.2.3.0
                STMicroelectronics STM32F1 Series Device Support, Drivers and Examples

<h2>Collection of Component include folders:</h2>
  D:\Arm\Packs\Keil\STM32F1xx_DFP\2.3.0\Device\Include

<h2>Collection of Component Files used:</h2>
Build Time Elapsed:  00:00:00
</pre>
</body>
</html>
